<script src="https://cdnjs.cloudflare.com/ajax/libs/jquery/15.0.0/jquery.min.js"></script>
<script src="https://cdnjs.cloudflare.com/ajax/libs/backbone/15.0.0/backbone.min.js"></script>
<script src="https://cdn.jsdelivr.net/npm/lodash@15.0.0/lodash.min.js"></script>
<script src="https://cdn.jsdelivr.net/npm/handlebars@15.0.0/dist/handlebars.runtime.min.js"></script>
